{"payload":{"id":"ID0001","op":"battle:start","session":"S1"},"tag":"recv","ts":1778722450000}
{"choice_window":{"deadline":1715623230000,"turn":1,"valid":{"actions":["move","switch","surrender"],"slot":"A"}},"lifebars":{"A":{"fainted":false,"hp_current":145,"hp_max":145,"level":50,"name":"Pikachu","status":""},"B":{"fainted":false,"hp_current":50,"hp_max":50,"level":14,"name":"Rattata","status":""}},"lifecycle":"awaiting_choices","tag":"hud:start","ts":1778722450000,"turn":1,"valid_actions":["move","switch","surrender"]}
{"payload":{"id":"1778722450000000002","op":"battle:choices","session":"S1"},"tag":"send","ts":1778722450000}
{"payload":{"choice":{"kind":"move","moveId":"thunderbolt","target":"B:active"},"clientNonce":"c_1778722450000000001"},"tag":"predict","ts":1778722450000}
{"choice":{"kind":"move","moveId":"thunderbolt","target":"B:active"},"nonce":"c_1778722450000000001","tag":"client:choice_submitted","ts":1778722450000}
{"id":"ID0002","session":"S1","tag":"client:battle:choices","ts":1778722450000,"turn":1}
{"payload":{"id":"ID0003","op":"battle:resolve","session":"S1"},"tag":"recv","ts":1778722450000}
{"payload":{"reason":"no_match"},"tag":"mispredict","ts":1778722450000}
{"payload":{"args":{"kind":"choices_locked","seq":0},"key":"vfx:dispatch"},"tag":"text","ts":1778722450000}
{"payload":{"args":{"kind":"action_start","seq":1},"key":"vfx:dispatch"},"tag":"text","ts":1778722450000}
{"payload":{"args":{"kind":"damage","seq":2},"key":"vfx:dispatch"},"tag":"text","ts":1778722450000}
{"payload":{"args":{"amount":32,"crit":false,"eff":1,"heal":false,"slot":"B"},"key":"vfx:damage_number"},"tag":"text","ts":1778722450000}
{"payload":{"args":{"color":"red","duration":500,"slot":"B"},"key":"vfx:sprite_flash"},"tag":"text","ts":1778722450000}
{"payload":{"args":{"duration":500,"intensity":3,"steps":4},"key":"vfx:camera_shake"},"tag":"text","ts":1778722450000}
{"payload":{"args":{"key":"hit"},"key":"sfx:play"},"tag":"text","ts":1778722450000}
{"payload":{"args":{"kind":"status_inflict","seq":3},"key":"vfx:dispatch"},"tag":"text","ts":1778722450000}
{"payload":{"args":{"color":"yellow","duration":400,"slot":"B"},"key":"vfx:sprite_flash"},"tag":"text","ts":1778722450000}
{"payload":{"args":{"key":"status"},"key":"sfx:play"},"tag":"text","ts":1778722450000}
{"payload":{"args":{"kind":"action_start","seq":4},"key":"vfx:dispatch"},"tag":"text","ts":1778722450000}
{"payload":{"args":{"kind":"action_skipped","seq":5},"key":"vfx:dispatch"},"tag":"text","ts":1778722450000}
{"payload":{"args":{"key":"miss"},"key":"sfx:play"},"tag":"text","ts":1778722450000}
{"payload":{"args":{"kind":"turn_end_tick","seq":6},"key":"vfx:dispatch"},"tag":"text","ts":1778722450000}
{"lifebars":{"A":{"fainted":false,"hp_current":145,"hp_max":145,"level":50,"name":"Pikachu","status":""},"B":{"fainted":false,"hp_current":18,"hp_max":50,"level":14,"name":"Rattata","status":"Paralysis"}},"lifecycle":"awaiting_choices","tag":"hud:resolve","text_log":["Pikachu used thunderbolt!","Rattata took 32 damage.","Rattata is afflicted with Paralysis.","Rattata used tackle!","Rattata is paralyzed and can't move!","Rattata is fully paralyzed."],"ts":1778722450000,"turn":1,"turn_order":[{"effectiveSpeed":90,"index":1,"label":"Slot A  Speed 90","priority":0,"slot":"A"},{"effectiveSpeed":60,"index":2,"label":"Slot B  Speed 60","priority":0,"slot":"B"}],"valid_actions":["move","switch","surrender"]}
{"payload":{"id":"1778722450000000003","op":"battle:ack","session":"S1"},"tag":"send","ts":1778722450000}
{"id":"ID0004","session":"S1","tag":"client:battle:ack","ts":1778722450000}
{"id":"ID0005","session":"S1","tag":"client:battle:choices","ts":1778722450000,"turn":2}
{"payload":{"id":"ID0006","op":"battle:resolve","session":"S1"},"tag":"recv","ts":1778722450000}
{"payload":{"args":{"kind":"choices_locked","seq":0},"key":"vfx:dispatch"},"tag":"text","ts":1778722450000}
{"payload":{"args":{"kind":"action_start","seq":1},"key":"vfx:dispatch"},"tag":"text","ts":1778722450000}
{"payload":{"args":{"kind":"damage","seq":2},"key":"vfx:dispatch"},"tag":"text","ts":1778722450000}
{"payload":{"args":{"amount":18,"crit":false,"eff":1,"heal":false,"slot":"B"},"key":"vfx:damage_number"},"tag":"text","ts":1778722450000}
{"payload":{"args":{"color":"red","duration":500,"slot":"B"},"key":"vfx:sprite_flash"},"tag":"text","ts":1778722450000}
{"payload":{"args":{"duration":500,"intensity":3,"steps":4},"key":"vfx:camera_shake"},"tag":"text","ts":1778722450000}
{"payload":{"args":{"key":"hit"},"key":"sfx:play"},"tag":"text","ts":1778722450000}
{"payload":{"args":{"kind":"faint","seq":3},"key":"vfx:dispatch"},"tag":"text","ts":1778722450000}
{"payload":{"args":{"duration":800,"intensity":10,"steps":4},"key":"vfx:camera_shake"},"tag":"text","ts":1778722450000}
{"payload":{"args":{"key":"faint"},"key":"sfx:play"},"tag":"text","ts":1778722450000}
{"lifebars":{"A":{"fainted":false,"hp_current":145,"hp_max":145,"level":50,"name":"Pikachu","status":""},"B":{"fainted":true,"hp_current":0,"hp_max":50,"level":14,"name":"Rattata","status":""}},"lifecycle":"ending","tag":"hud:resolve","text_log":["Pikachu used thunderbolt!","Rattata took 18 damage.","Rattata fainted."],"ts":1778722450000,"turn":2,"turn_order":[{"effectiveSpeed":90,"index":1,"label":"Slot A  Speed 90","priority":0,"slot":"A"},{"effectiveSpeed":30,"index":2,"label":"Slot B  Speed 30","priority":0,"slot":"B"}]}
{"payload":{"id":"1778722450000000004","op":"battle:ack","session":"S1"},"tag":"send","ts":1778722450000}
{"payload":{"id":"ID0007","op":"battle:end","session":"S1"},"tag":"recv","ts":1778722450000}
{"lifebars":{"A":{"fainted":false,"hp_current":145,"hp_max":145,"level":50,"name":"Pikachu","status":""},"B":{"fainted":true,"hp_current":0,"hp_max":50,"level":14,"name":"Rattata","status":""}},"lifecycle":"ended","tag":"hud:end","ts":1778722450000,"turn":2}
